parent id	node id	rank	label	kmers in database
	0	no rank	root	0
0	1	1 from root	rank1	113
0	2	1 from root	rank2	236
1	4	2 from root	organism2	334
1	5	2 from root	organism3	317
2	3	2 from root	organism1	81
