node id	rank	label	kmers in database	kmer count	kmer count (cumulative)	OVO (0.20) kmer count	OVO (0.20) kmer count (cumulative)	OVO (0.20) norm. kmer count	OVO (0.20) norm. kmer count (cumulative)	OVO (0.50) kmer count	OVO (0.50) kmer count (cumulative)	OVO (0.50) norm. kmer count	OVO (0.50) norm. kmer count (cumulative)	OVO (0.60) kmer count	OVO (0.60) kmer count (cumulative)	OVO (0.60) norm. kmer count	OVO (0.60) norm. kmer count (cumulative)	OVO (0.80) kmer count	OVO (0.80) kmer count (cumulative)	OVO (0.80) norm. kmer count	OVO (0.80) norm. kmer count (cumulative)	OVO (0.90) kmer count	OVO (0.90) kmer count (cumulative)	OVO (0.90) norm. kmer count	OVO (0.90) norm. kmer count (cumulative)	OVO (1.00) kmer count	OVO (1.00) kmer count (cumulative)	OVO (1.00) norm. kmer count	OVO (1.00) norm. kmer count (cumulative)	OVA (0.70) kmer count	OVA (0.70) kmer count (cumulative)	OVA (0.70) norm. kmer count	OVA (0.70) norm. kmer count (cumulative)	norm. kmer count
0	no rank	root	0	0	86	0	2	0	2	0	2	0	2	0	2	0	2	0	2	0	2	0	2	0	2	0	2	0	2	0	2	0	2	0.0
1	1 from root	rank1	162	13	13	1	1	1	1	1	1	1	1	1	1	1	1	1	1	1	1	1	1	1	1	1	1	1	1	1	1	1	1	0.08024691358024691
2	1 from root	rank2	260	73	73	1	1	1	1	1	1	1	1	1	1	1	1	1	1	1	1	1	1	1	1	1	1	1	1	1	1	1	1	0.28076923076923077
4	2 from root	organism2	438	0	0	0	0	0	0	0	0	0	0	0	0	0	0	0	0	0	0	0	0	0	0	0	0	0	0	0	0	0	0	0.0
5	2 from root	organism3	323	0	0	0	0	0	0	0	0	0	0	0	0	0	0	0	0	0	0	0	0	0	0	0	0	0	0	0	0	0	0	0.0
3	2 from root	organism1	87	0	0	0	0	0	0	0	0	0	0	0	0	0	0	0	0	0	0	0	0	0	0	0	0	0	0	0	0	0	0	0.0
