6
@read1	2:73 
@read6	
@read2	
@read3	
@read4	1:13 
@read5	
