Total reads: 6

OVO (ratio: 0.200000)
Total assignments:	2 (0.3%)
1 from root: 2

OVO (ratio: 0.200000)
Total assignments:	2 (0.3%)
1 from root: 2

OVO (ratio: 0.800000)
Total assignments:	2 (0.3%)
1 from root: 2

OVO (ratio: 0.800000)
Total assignments:	2 (0.3%)
1 from root: 2

