node id	rank	label	kmers in database	kmer count	kmer count (accumulated)	OVO (0.20) read count	OVO (0.20) read count (norm. kmers)	OVO (0.20) cumulative read count	OVO (0.20) cumulative read count (norm. kmers)	OVO (0.50) read count	OVO (0.50) read count (norm. kmers)	OVO (0.50) cumulative read count	OVO (0.50) cumulative read count (norm. kmers)	OVO (0.60) read count	OVO (0.60) read count (norm. kmers)	OVO (0.60) cumulative read count	OVO (0.60) cumulative read count (norm. kmers)	OVO (0.80) read count	OVO (0.80) read count (norm. kmers)	OVO (0.80) cumulative read count	OVO (0.80) cumulative read count (norm. kmers)	OVO (0.90) read count	OVO (0.90) read count (norm. kmers)	OVO (0.90) cumulative read count	OVO (0.90) cumulative read count (norm. kmers)	OVO (1.00) read count	OVO (1.00) read count (norm. kmers)	OVO (1.00) cumulative read count	OVO (1.00) cumulative read count (norm. kmers)	OVA (0.70) read count	OVA (0.70) read count (norm. kmers)	OVA (0.70) cumulative read count	OVA (0.70) cumulative read count (norm. kmers)	normalized kmer count
0	no rank	root	2	2	103	2	2	4	4	2	2	4	4	2	2	4	4	2	2	4	4	2	2	4	4	2	2	4	4	2	2	4	4	1.0
1	1 from root	rank1	167	21	22	0	0	1	1	0	0	1	1	0	0	1	1	0	0	1	1	0	0	1	1	0	0	1	1	0	0	1	1	0.12574850299401197
2	1 from root	rank2	284	79	79	1	1	1	1	1	1	1	1	1	1	1	1	1	1	1	1	1	1	1	1	1	1	1	1	1	1	1	1	0.27816901408450706
4	2 from root	organism2	449	0	0	0	0	0	0	0	0	0	0	0	0	0	0	0	0	0	0	0	0	0	0	0	0	0	0	0	0	0	0	0.0
5	2 from root	organism3	328	1	1	1	1	1	1	1	1	1	1	1	1	1	1	1	1	1	1	1	1	1	1	1	1	1	1	1	1	1	1	0.003048780487804878
3	2 from root	organism1	92	0	0	0	0	0	0	0	0	0	0	0	0	0	0	0	0	0	0	0	0	0	0	0	0	0	0	0	0	0	0	0.0
