6
ReadID	OVO (ratio: 0.200000)	OVO (ratio: 0.800000)
0	(1 from root) rank2 (2)	(1 from root) rank2 (2)
1		
2		
3	(1 from root) rank1 (1)	(1 from root) rank1 (1)
4	(2 from root) organism3 (5)	(2 from root) organism3 (5)
5	(no rank) root (0)	(no rank) root (0)
