6
@read1	2:68 
@read6	
@read2	
@read3	
@read4	1:10 
@read5	
